// Jest Snapshot v1, https://goo.gl/fbAQLP

exports[`InfoBar correctly renders 1`] = `
<p>
  hello
</p>
`;
