// Jest Snapshot v1, https://goo.gl/fbAQLP

exports[`SectionBar correctly renders 1`] = `
<div
  className="page-header"
>
  <h3>
    hello
  </h3>
</div>
`;
