// Jest Snapshot v1, https://goo.gl/fbAQLP

exports[`TitleBar correctly renders 1`] = `
<h1>
  hello
</h1>
`;
