// Jest Snapshot v1, https://goo.gl/fbAQLP

exports[`Client when rendering creates ClientPage 1`] = `
<Component
  client={
    Object {
      "obj": "props",
    }
  }
  error="error"
  fetching={false}
/>
`;
