// Jest Snapshot v1, https://goo.gl/fbAQLP

exports[`List without items renders with error bar 1`] = `
<span>
  No projects found
</span>
`;

exports[`List without items renders with items 1`] = `
<span>
  No projects found
</span>
`;
